2026-09-10 12:12:44,547 - INFO - Matplotlib 字体设置：使用回退字体列表，首选可用字体: Noto Sans CJK SC
2026-09-10 12:12:46,406 - INFO - 使用指定 ChromeDriver: /usr/bin/chromedriver
2026-09-10 12:12:46,527 - INFO - ddddocr 识别器初始化成功
2026-09-10 12:12:46,736 - INFO - captcha-recognizer 滑块识别模型初始化成功
2026-09-10 12:12:46,736 - INFO - 开始南京大学电费监控流程（自动无头模式）
2026-09-10 12:12:46,736 - INFO - 已初始化并清空验证码图片目录: /home/runner/work/nju_electric_monitor/nju_electric_monitor/src/../data/captcha_workflow
2026-09-10 12:12:46,736 - INFO - 正在打开页面: https://epay.nju.edu.cn/epay/h5/nju/electric/index
2026-09-10 12:13:02,949 - INFO - 等待登录表单加载...
2026-09-10 12:13:02,957 - INFO - 登录表单已加载
2026-09-10 12:13:02,957 - INFO - 开始填写登录表单...
2026-09-10 12:13:03,031 - INFO - 用户名填写完成
2026-09-10 12:13:03,096 - INFO - 密码填写完成
2026-09-10 12:13:03,127 - INFO - 未检测到任何验证方式
2026-09-10 12:13:03,127 - INFO - 登录前验证方式检测: none
2026-09-10 12:13:03,128 - INFO - 未检测到传统验证码，点击登录按钮...
2026-09-10 12:13:03,128 - INFO - 查找并点击登录按钮...
2026-09-10 12:13:03,146 - INFO - 通过 ID=login_submit 找到登录按钮
2026-09-10 12:13:03,191 - INFO - 已点击登录按钮
2026-09-10 12:13:10,216 - INFO - 检测到滑块验证（sliderDiv）
2026-09-10 12:13:10,216 - INFO - 登录后验证方式检测: slider
2026-09-10 12:13:10,216 - INFO - 开始处理滑块验证...
2026-09-10 12:13:11,729 - INFO - 滑块验证第 1/3 轮尝试
2026-09-10 12:13:12,048 - INFO - 滑块缺口 box=[186,87,227,125], confidence=0.955, 截图=278px, DOM=278px, 缩放=1.00x, 拖拽偏移=186px
2026-09-10 12:13:12,049 - INFO - 滑块拖拽尝试 1/2 (偏移=186px)
2026-09-10 12:13:30,363 - WARNING - 滑块拖拽第 1 次未通过验证
2026-09-10 12:13:31,363 - INFO - 滑块拖拽尝试 2/2 (偏移=186px)
2026-09-10 12:13:49,727 - WARNING - 滑块拖拽第 2 次未通过验证
2026-09-10 12:13:49,727 - ERROR - 滑块验证 2 次尝试均失败
2026-09-10 12:13:49,727 - WARNING - 第 1 轮滑块拖拽失败
2026-09-10 12:13:50,727 - INFO - 滑块验证第 2/3 轮尝试
2026-09-10 12:13:51,072 - INFO - 滑块缺口 box=[162,12,203,50], confidence=0.948, 截图=280px, DOM=280px, 缩放=1.00x, 拖拽偏移=162px
2026-09-10 12:13:51,073 - INFO - 滑块拖拽尝试 1/2 (偏移=162px)
2026-09-10 12:14:14,351 - INFO - 滑块验证通过（sliderDiv 元素不存在）
2026-09-10 12:14:14,351 - INFO - 滑块验证第 2 轮成功
2026-09-10 12:14:14,351 - INFO - 等待登录成功...
2026-09-10 12:14:14,361 - INFO - 检测到已跳转到电费页面: https://epay.nju.edu.cn/epay/h5/nju/electric/index
2026-09-10 12:14:14,361 - INFO - 查找'去充值'按钮...
2026-09-10 12:14:14,382 - INFO - 通过文本包含 '去充值' 找到充值按钮
2026-09-10 12:14:16,516 - INFO - 已点击充值按钮
2026-09-10 12:14:19,517 - INFO - 开始提取剩余电量信息...
2026-09-10 12:14:19,534 - INFO - 找到电量信息元素（已省略具体文本以保护隐私）
2026-09-10 12:14:19,534 - WARNING - 未在元素中找到标准格式的电量信息
2026-09-10 12:14:19,545 - INFO - 找到 i 标签中的电量信息（已省略具体文本）
2026-09-10 12:14:19,545 - WARNING - i标签中未找到标准格式的电量信息
2026-09-10 12:14:19,545 - WARNING - 未找到i标签中的电量信息
2026-09-10 12:14:19,549 - INFO - 在页面源码中查找电量信息...
2026-09-10 12:14:19,549 - INFO - 从页面源码中提取到剩余电量: 383.4 度
2026-09-10 12:14:19,565 - INFO - 数据已保存: 383.4 度
2026-09-10 12:14:19,835 - INFO - 电量变化曲线图已保存到: /home/runner/work/nju_electric_monitor/nju_electric_monitor/src/../data/electricity_trend.png
2026-09-10 12:14:20,097 - INFO - 最近20次电量变化曲线图已保存到: /home/runner/work/nju_electric_monitor/nju_electric_monitor/src/../data/recent_20_changes.png
2026-09-10 12:14:20,097 - INFO - 当前剩余电量 383.4 度，高于告警阈值 15.0 度，不发送邮件
2026-09-10 12:14:20,097 - INFO - 监控流程完成
