2026-09-08 17:14:31,803 - INFO - Matplotlib 字体设置：使用回退字体列表，首选可用字体: Noto Sans CJK SC
2026-09-08 17:14:33,678 - INFO - 使用指定 ChromeDriver: /usr/bin/chromedriver
2026-09-08 17:14:33,756 - INFO - ddddocr 识别器初始化成功
2026-09-08 17:14:33,954 - INFO - captcha-recognizer 滑块识别模型初始化成功
2026-09-08 17:14:33,954 - INFO - 开始南京大学电费监控流程（自动无头模式）
2026-09-08 17:14:33,955 - INFO - 已初始化并清空验证码图片目录: /home/runner/work/nju_electric_monitor/nju_electric_monitor/src/../data/captcha_workflow
2026-09-08 17:14:33,955 - INFO - 正在打开页面: https://epay.nju.edu.cn/epay/h5/nju/electric/index
2026-09-08 17:14:45,740 - INFO - 等待登录表单加载...
2026-09-08 17:14:45,748 - INFO - 登录表单已加载
2026-09-08 17:14:45,748 - INFO - 开始填写登录表单...
2026-09-08 17:14:45,816 - INFO - 用户名填写完成
2026-09-08 17:14:45,877 - INFO - 密码填写完成
2026-09-08 17:14:45,908 - INFO - 未检测到任何验证方式
2026-09-08 17:14:45,908 - INFO - 登录前验证方式检测: none
2026-09-08 17:14:45,908 - INFO - 未检测到传统验证码，点击登录按钮...
2026-09-08 17:14:45,908 - INFO - 查找并点击登录按钮...
2026-09-08 17:14:45,926 - INFO - 通过 ID=login_submit 找到登录按钮
2026-09-08 17:14:45,969 - INFO - 已点击登录按钮
2026-09-08 17:14:52,993 - INFO - 检测到滑块验证（sliderDiv）
2026-09-08 17:14:52,993 - INFO - 登录后验证方式检测: slider
2026-09-08 17:14:52,993 - INFO - 开始处理滑块验证...
2026-09-08 17:14:54,505 - INFO - 滑块验证第 1/3 轮尝试
2026-09-08 17:14:54,835 - INFO - 滑块缺口 box=[181,67,223,105], confidence=0.942, 截图=278px, DOM=278px, 缩放=1.00x, 拖拽偏移=181px
2026-09-08 17:14:54,836 - INFO - 滑块拖拽尝试 1/2 (偏移=181px)
2026-09-08 17:15:13,173 - WARNING - 滑块拖拽第 1 次未通过验证
2026-09-08 17:15:14,173 - INFO - 滑块拖拽尝试 2/2 (偏移=181px)
2026-09-08 17:15:32,125 - WARNING - 滑块拖拽第 2 次未通过验证
2026-09-08 17:15:32,125 - ERROR - 滑块验证 2 次尝试均失败
2026-09-08 17:15:32,125 - WARNING - 第 1 轮滑块拖拽失败
2026-09-08 17:15:33,125 - INFO - 滑块验证第 2/3 轮尝试
2026-09-08 17:15:33,440 - INFO - 滑块缺口 box=[180,87,223,126], confidence=0.952, 截图=280px, DOM=280px, 缩放=1.00x, 拖拽偏移=180px
2026-09-08 17:15:33,440 - INFO - 滑块拖拽尝试 1/2 (偏移=180px)
2026-09-08 17:15:51,472 - WARNING - 滑块拖拽第 1 次未通过验证
2026-09-08 17:15:52,472 - INFO - 滑块拖拽尝试 2/2 (偏移=180px)
2026-09-08 17:16:10,513 - WARNING - 滑块拖拽第 2 次未通过验证
2026-09-08 17:16:10,513 - ERROR - 滑块验证 2 次尝试均失败
2026-09-08 17:16:10,513 - WARNING - 第 2 轮滑块拖拽失败
2026-09-08 17:16:11,514 - INFO - 滑块验证第 3/3 轮尝试
2026-09-08 17:16:11,820 - INFO - 滑块缺口 box=[95,51,137,90], confidence=0.953, 截图=280px, DOM=280px, 缩放=1.00x, 拖拽偏移=95px
2026-09-08 17:16:11,820 - INFO - 滑块拖拽尝试 1/2 (偏移=95px)
2026-09-08 17:16:30,343 - INFO - 滑块验证通过（sliderDiv 元素不存在）
2026-09-08 17:16:30,343 - INFO - 滑块验证第 3 轮成功
2026-09-08 17:16:30,343 - INFO - 等待登录成功...
2026-09-08 17:16:30,353 - INFO - 检测到已跳转到电费页面: https://epay.nju.edu.cn/epay/h5/nju/electric/index
2026-09-08 17:16:30,353 - INFO - 查找'去充值'按钮...
2026-09-08 17:16:30,372 - INFO - 通过文本包含 '去充值' 找到充值按钮
2026-09-08 17:16:32,107 - INFO - 已点击充值按钮
2026-09-08 17:16:35,108 - INFO - 开始提取剩余电量信息...
2026-09-08 17:16:35,124 - INFO - 找到电量信息元素（已省略具体文本以保护隐私）
2026-09-08 17:16:35,124 - WARNING - 未在元素中找到标准格式的电量信息
2026-09-08 17:16:35,134 - INFO - 找到 i 标签中的电量信息（已省略具体文本）
2026-09-08 17:16:35,134 - WARNING - i标签中未找到标准格式的电量信息
2026-09-08 17:16:35,134 - WARNING - 未找到i标签中的电量信息
2026-09-08 17:16:35,137 - INFO - 在页面源码中查找电量信息...
2026-09-08 17:16:35,138 - INFO - 从页面源码中提取到剩余电量: 399.9 度
2026-09-08 17:16:35,154 - INFO - 数据已保存: 399.9 度
2026-09-08 17:16:35,406 - INFO - 电量变化曲线图已保存到: /home/runner/work/nju_electric_monitor/nju_electric_monitor/src/../data/electricity_trend.png
2026-09-08 17:16:35,634 - INFO - 最近20次电量变化曲线图已保存到: /home/runner/work/nju_electric_monitor/nju_electric_monitor/src/../data/recent_20_changes.png
2026-09-08 17:16:35,635 - INFO - 当前剩余电量 399.9 度，高于告警阈值 15.0 度，不发送邮件
2026-09-08 17:16:35,635 - INFO - 监控流程完成
